// Jest Snapshot v1, https://goo.gl/fbAQLP

exports[`Test single continent renders correctly Test single continent view renders correctly 1`] = `
<div
  className="m-0 p-0 continent africa col-6"
>
  <div
    className="card"
  >
    <a
      className=""
      href="/continent/Africa"
      onClick={[Function]}
    >
      <div
        className="p-2 text-end card-header"
      >
        <span
          className="fa fa-arrow-circle-right fa-lg"
        />
      </div>
      <img
        className="card-img pt-2"
        src="/images/africa.png"
      />
    </a>
    <div
      className="text-end mb-2 card-body"
    >
      <div
        className="mx-3"
      >
        <h2
          className="fw-bold"
        >
          Africa
        </h2>
      </div>
      <div
        className="fw-bold mx-3"
      >
        <strong>
          Cases
          <br />
          0
        </strong>
      </div>
    </div>
  </div>
</div>
`;
